// Jest Snapshot v1, https://goo.gl/fbAQLP

exports[`App есть корректный снимок 1`] = `
<div>
  <h1>
    App main page title
  </h1>
  <p>
    App main page content
  </p>
  <div>
    <button
      onClick={[Function]}
    >
      RU
    </button>
    <button
      onClick={[Function]}
    >
      EN
    </button>
  </div>
  <a
    href="/"
  >
    Go to base page
  </a>
</div>
`;
